# Raw counters

Number of ranks: 4
Datatype size: 4
Alltoallv calls 0-0
Count: 1 calls - 0


BEGINNING DATA
Rank(s) 0-3: 0 1 2 3 
END DATA
